******************************************************************************
                  TI ARM Linker Unix v20.2.2                   
******************************************************************************
>> Linked Fri Oct 30 15:45:21 2020

OUTPUT FILE NAME:   <oximetro_2_0.out>
ENTRY POINT SYMBOL: "_c_int00_noargs"  address: 0000300d


MEMORY CONFIGURATION

         name            origin    length      used     unused   attr    fill
----------------------  --------  ---------  --------  --------  ----  --------
  FLASH                 00000000   00040000  0000348e  0003cb72  R  X
  SRAM                  20000000   00008000  00000508  00007af8  RW X


SEGMENT ALLOCATION MAP

run origin  load origin   length   init length attrs members
----------  ----------- ---------- ----------- ----- -------
00000000    00000000    00003490   00003490    r-x
  00000000    00000000    0000026c   0000026c    r-- .intvecs
  0000026c    0000026c    0000301a   0000301a    r-x .text
  00003288    00003288    000001a0   000001a0    r-- .const
  00003428    00003428    00000068   00000068    r-- .cinit
20000000    20000000    0000050c   00000000    rw-
  20000000    20000000    0000026c   00000000    rw- .vtable
  20000270    20000270    00000200   00000000    rw- .stack
  20000470    20000470    0000005c   00000000    rw- .bss
  200004cc    200004cc    00000040   00000000    rw- .data


SECTION ALLOCATION MAP

 output                                  attributes/
section   page    origin      length       input sections
--------  ----  ----------  ----------   ----------------
.intvecs   0    00000000    0000026c     
                  00000000    0000026c     tm4c123gh6pm_startup_ccs.obj (.intvecs)

.text      0    0000026c    0000301a     
                  0000026c    000009c0     rtsv7M4_T_le_v4SPD16_eabi.lib : e_pow.c.obj (.text:pow)
                  00000c2c    00000820     main.obj (.text)
                  0000144c    00000470     LCD_I2C.obj (.text)
                  000018bc    000003c4     rtsv7M4_T_le_v4SPD16_eabi.lib : e_log.c.obj (.text:log)
                  00001c80    000001b6                                   : fd_add_t2.asm.obj (.text)
                  00001e36    00000002     --HOLE-- [fill = 0]
                  00001e38    00000164     float_to_string.obj (.text)
                  00001f9c    0000015c     MAX30102.obj (.text)
                  000020f8    00000158     rtsv7M4_T_le_v4SPD16_eabi.lib : e_sqrt.c.obj (.text:sqrt)
                  00002250    00000136                                   : fd_div_t2.asm.obj (.text)
                  00002386    00000132     driverlib.lib : gpio.obj (.text:GPIOPadConfigSet)
                  000024b8    00000110                   : sysctl.obj (.text:SysCtlClockGet)
                  000025c8    00000110     rtsv7M4_T_le_v4SPD16_eabi.lib : s_scalbn.c.obj (.text:scalbn)
                  000026d8    000000fc                                   : fd_mul_t2.asm.obj (.text)
                  000027d4    000000f4     driverlib.lib : sysctl.obj (.text:SysCtlClockSet)
                  000028c8    0000009c     rtsv7M4_T_le_v4SPD16_eabi.lib : memcpy_t2.asm.obj (.text)
                  00002964    00000086                                   : fd_cmp_t2.asm.obj (.text:__aeabi_cdcmple)
                  000029ea    00000086                                   : fd_cmp_t2.asm.obj (.text:__aeabi_cdrcmple)
                  00002a70    0000007a     driverlib.lib : adc.obj (.text:ADCSequenceStepConfigure)
                  00002aea    0000007a     rtsv7M4_T_le_v4SPD16_eabi.lib : memset_t2.asm.obj (.text)
                  00002b64    0000006e                                   : fd_tos_t2.asm.obj (.text)
                  00002bd2    00000002     --HOLE-- [fill = 0]
                  00002bd4    00000068     driverlib.lib : interrupt.obj (.text:IntEnable)
                  00002c3c    00000068     rtsv7M4_T_le_v4SPD16_eabi.lib : copy_decompress_lzss.c.obj (.text:decompress:lzss:__TI_decompress_lzss)
                  00002ca4    00000060     driverlib.lib : timer.obj (.text:TimerConfigure)
                  00002d04    00000058                   : timer.obj (.text:TimerControlTrigger)
                  00002d5c    00000050                   : adc.obj (.text:ADCSequenceConfigure)
                  00002dac    00000050                   : sysctl.obj (.text:SysCtlPeripheralReset)
                  00002dfc    00000050                   : adc.obj (.text:_ADCIntNumberGet)
                  00002e4c    0000004c                   : i2c.obj (.text:I2CMasterInitExpClk)
                  00002e98    00000048                   : gpio.obj (.text:GPIOPinConfigure)
                  00002ee0    00000046                   : uart.obj (.text:UARTConfigSetExpClk)
                  00002f26    00000002     --HOLE-- [fill = 0]
                  00002f28    00000044     rtsv7M4_T_le_v4SPD16_eabi.lib : autoinit.c.obj (.text:__TI_auto_init_nobinit_nopinit:__TI_auto_init_nobinit_nopinit)
                  00002f6c    00000038                                   : fs_tod_t2.asm.obj (.text)
                  00002fa4    00000034     driverlib.lib : interrupt.obj (.text:IntRegister)
                  00002fd8    00000034                   : sysctl.obj (.text:SysCtlPeripheralEnable)
                  0000300c    00000034     rtsv7M4_T_le_v4SPD16_eabi.lib : boot_cortex_m.c.obj (.text:_c_int00_noargs:_c_int00_noargs)
                  00003040    0000002e                                   : i_tofd_t2.asm.obj (.text)
                  0000306e    0000002a     driverlib.lib : gpio.obj (.text:GPIODirModeSet)
                  00003098    00000020                   : uart.obj (.text:UARTDisable)
                  000030b8    00000020     rtsv7M4_T_le_v4SPD16_eabi.lib : u_tofd_t2.asm.obj (.text)
                  000030d8    0000001e     driverlib.lib : adc.obj (.text:ADCSequenceDataGet)
                  000030f6    0000001c     rtsv7M4_T_le_v4SPD16_eabi.lib : copy_zero_init.c.obj (.text:decompress:ZI:__TI_zero_init_nomemset:__TI_zero_init_nomemset)
                  00003112    0000001a                                   : s_copysign.c.obj (.text:copysign)
                  0000312c    00000018     driverlib.lib : adc.obj (.text:ADCIntRegister)
                  00003144    00000014                   : uart.obj (.text:UARTEnable)
                  00003158    00000014     rtsv7M4_T_le_v4SPD16_eabi.lib : strlen.c.obj (.text:strlen)
                  0000316c    00000012     driverlib.lib : gpio.obj (.text:GPIOPinTypeADC)
                  0000317e    00000012                   : gpio.obj (.text:GPIOPinTypeI2C)
                  00003190    00000012                   : gpio.obj (.text:GPIOPinTypeI2CSCL)
                  000031a2    00000012                   : gpio.obj (.text:GPIOPinTypeUART)
                  000031b4    00000012                   : timer.obj (.text:TimerLoadSet)
                  000031c6    00000010                   : adc.obj (.text:ADCIntEnable)
                  000031d6    00000010                   : interrupt.obj (.text:IntMasterEnable)
                  000031e6    0000000e                   : adc.obj (.text:ADCSequenceDisable)
                  000031f4    0000000e                   : adc.obj (.text:ADCSequenceEnable)
                  00003202    0000000e                   : timer.obj (.text:TimerEnable)
                  00003210    0000000e     rtsv7M4_T_le_v4SPD16_eabi.lib : copy_decompress_none.c.obj (.text:decompress:none:__TI_decompress_none)
                  0000321e    0000000c     driverlib.lib : cpu.obj (.text:CPUcpsie)
                  0000322a    0000000c     tm4c123gh6pm_startup_ccs.obj (.text)
                  00003236    0000000a     driverlib.lib : adc.obj (.text:ADCIntClear)
                  00003240    0000000a                   : i2c.obj (.text:I2CMasterEnable)
                  0000324a    0000000a                   : uart.obj (.text:UARTCharPut)
                  00003254    00000008                   : i2c.obj (.text:I2CMasterBusy)
                  0000325c    00000008                   : i2c.obj (.text:I2CMasterSlaveAddrSet)
                  00003264    00000008     rtsv7M4_T_le_v4SPD16_eabi.lib : errno.c.obj (.text:__aeabi_errno_addr)
                  0000326c    00000006     driverlib.lib : sysctl.obj (.text:SysCtlDelay)
                  00003272    00000004                   : i2c.obj (.text:I2CMasterControl)
                  00003276    00000004                   : i2c.obj (.text:I2CMasterDataGet)
                  0000327a    00000004                   : i2c.obj (.text:I2CMasterDataPut)
                  0000327e    00000004     rtsv7M4_T_le_v4SPD16_eabi.lib : pre_init.c.obj (.text:_system_pre_init)
                  00003282    00000004                                   : exit.c.obj (.text:abort:abort)

.const     0    00003288    000001a0     
                  00003288    00000090     driverlib.lib : gpio.obj (.const:g_pui32GPIOBaseAddrs)
                  00003318    00000070                   : interrupt.obj (.const)
                  00003388    0000006c                   : sysctl.obj (.const:g_pui32Xtals)
                  000033f4    00000004     --HOLE-- [fill = 0]
                  000033f8    00000030     rtsv7M4_T_le_v4SPD16_eabi.lib : e_pow.c.obj (.const:$O1$$)

.cinit     0    00003428    00000068     
                  00003428    00000034     (.cinit..data.load) [load image, compression = lzss]
                  0000345c    0000000c     (__TI_handler_table)
                  00003468    00000008     (.cinit..bss.load) [load image, compression = zero_init]
                  00003470    00000008     (.cinit..vtable.load) [load image, compression = zero_init]
                  00003478    00000018     (__TI_cinit_table)

.init_array 
*          0    00000000    00000000     UNINITIALIZED

.vtable    0    20000000    0000026c     UNINITIALIZED
                  20000000    0000026c     driverlib.lib : interrupt.obj (.vtable)

.bss       0    20000470    0000005c     UNINITIALIZED
                  20000470    00000010     (.common:sample)
                  20000480    00000008     (.common:max30102)
                  20000488    00000008     (.common:s_spo2)
                  20000490    00000008     (.common:s_temperatura)
                  20000498    00000004     (.common:R)
                  2000049c    00000004     (.common:Temp_Tiva)
                  200004a0    00000004     (.common:acrms_ir)
                  200004a4    00000004     (.common:acrms_ir_1)
                  200004a8    00000004     (.common:acrms_rojo)
                  200004ac    00000004     (.common:acrms_rojo_1)
                  200004b0    00000004     (.common:i2c)
                  200004b4    00000004     (.common:int_ir)
                  200004b8    00000004     (.common:int_rojo)
                  200004bc    00000004     (.common:intensidad_ir)
                  200004c0    00000004     (.common:intensidad_rojo)
                  200004c4    00000004     (.common:spo2)
                  200004c8    00000001     (.common:aux_0)
                  200004c9    00000001     (.common:aux_1)
                  200004ca    00000001     (.common:lcd)
                  200004cb    00000001     (.common:rd_cont)

.data      0    200004cc    00000040     UNINITIALIZED
                  200004cc    00000020     LCD_I2C.obj (.data:lcdXY)
                  200004ec    0000001c     main.obj (.data)
                  20000508    00000004     rtsv7M4_T_le_v4SPD16_eabi.lib : errno.c.obj (.data)

.stack     0    20000270    00000200     UNINITIALIZED
                  20000270    00000004     rtsv7M4_T_le_v4SPD16_eabi.lib : boot_cortex_m.c.obj (.stack)
                  20000274    000001fc     --HOLE--

__llvm_prf_cnts 
*          0    20000000    00000000     UNINITIALIZED

MODULE SUMMARY

       Module                         code    ro data   rw data
       ------                         ----    -------   -------
    ./
       main.obj                       2080    0         112    
       LCD_I2C.obj                    1136    0         39     
       tm4c123gh6pm_startup_ccs.obj   12      620       0      
       float_to_string.obj            356     0         0      
       MAX30102.obj                   348     0         1      
    +--+------------------------------+-------+---------+---------+
       Total:                         3932    620       152    
                                                               
    /home/omar/ti/ccs1010/ccs/tools/compiler/ti-cgt-arm_20.2.2.LTS/lib/rtsv7M4_T_le_v4SPD16_eabi.lib
       e_pow.c.obj                    2496    48        0      
       e_log.c.obj                    964     0         0      
       fd_add_t2.asm.obj              438     0         0      
       e_sqrt.c.obj                   344     0         0      
       fd_div_t2.asm.obj              310     0         0      
       s_scalbn.c.obj                 272     0         0      
       fd_cmp_t2.asm.obj              268     0         0      
       fd_mul_t2.asm.obj              252     0         0      
       memcpy_t2.asm.obj              156     0         0      
       memset_t2.asm.obj              122     0         0      
       fd_tos_t2.asm.obj              110     0         0      
       copy_decompress_lzss.c.obj     104     0         0      
       autoinit.c.obj                 68      0         0      
       fs_tod_t2.asm.obj              56      0         0      
       boot_cortex_m.c.obj            52      0         0      
       i_tofd_t2.asm.obj              46      0         0      
       u_tofd_t2.asm.obj              32      0         0      
       copy_zero_init.c.obj           28      0         0      
       s_copysign.c.obj               26      0         0      
       strlen.c.obj                   20      0         0      
       copy_decompress_none.c.obj     14      0         0      
       errno.c.obj                    8       0         4      
       exit.c.obj                     4       0         0      
       pre_init.c.obj                 4       0         0      
    +--+------------------------------+-------+---------+---------+
       Total:                         6194    48        4      
                                                               
    /home/omar/ti/tivaware_c_series_2_1_4_178/driverlib/ccs/Debug/driverlib.lib
       interrupt.obj                  172     112       620    
       sysctl.obj                     654     108       0      
       gpio.obj                       492     144       0      
       adc.obj                        390     0         0      
       timer.obj                      216     0         0      
       uart.obj                       132     0         0      
       i2c.obj                        114     0         0      
       cpu.obj                        12      0         0      
    +--+------------------------------+-------+---------+---------+
       Total:                         2182    364       620    
                                                               
       Stack:                         0       0         512    
       Linker Generated:              0       104       0      
    +--+------------------------------+-------+---------+---------+
       Grand Total:                   12308   1136      1288   


LINKER GENERATED COPY TABLES

__TI_cinit_table @ 00003478 records: 3, size/record: 8, table size: 24
	.data: load addr=00003428, load size=00000034 bytes, run addr=200004cc, run size=00000040 bytes, compression=lzss
	.bss: load addr=00003468, load size=00000008 bytes, run addr=20000470, run size=0000005c bytes, compression=zero_init
	.vtable: load addr=00003470, load size=00000008 bytes, run addr=20000000, run size=0000026c bytes, compression=zero_init


LINKER GENERATED HANDLER TABLE

__TI_handler_table @ 0000345c records: 3, size/record: 4, table size: 12
	index: 0, handler: __TI_zero_init
	index: 1, handler: __TI_decompress_lzss
	index: 2, handler: __TI_decompress_none


GLOBAL SYMBOLS: SORTED ALPHABETICALLY BY Name 

address   name                          
-------   ----                          
00003237  ADCIntClear                   
000031c7  ADCIntEnable                  
0000312d  ADCIntRegister                
00002d5d  ADCSequenceConfigure          
000030d9  ADCSequenceDataGet            
000031e7  ADCSequenceDisable            
000031f5  ADCSequenceEnable             
00002a71  ADCSequenceStepConfigure      
00003283  C$$EXIT                       
0000321f  CPUcpsie                      
0000306f  GPIODirModeSet                
00002387  GPIOPadConfigSet              
00002e99  GPIOPinConfigure              
0000316d  GPIOPinTypeADC                
0000317f  GPIOPinTypeI2C                
00003191  GPIOPinTypeI2CSCL             
000031a3  GPIOPinTypeUART               
00003255  I2CMasterBusy                 
00003273  I2CMasterControl              
00003277  I2CMasterDataGet              
0000327b  I2CMasterDataPut              
00003241  I2CMasterEnable               
00002e4d  I2CMasterInitExpClk           
0000325d  I2CMasterSlaveAddrSet         
00002bd5  IntEnable                     
000031d7  IntMasterEnable               
00002fa5  IntRegister                   
00001487  LCD_CMD_I2C                   
000016ed  LCD_PRINT_CHAR                
00001843  LCD_PRINT_STRING              
00001873  LCD_SET_CURSOR                
000018a7  LCD_SHIFT_LEFT                
0000189d  LCD_SHIFT_RIGHT               
20000498  R                             
0000322b  ResetISR                      
000024b9  SysCtlClockGet                
000027d5  SysCtlClockSet                
0000326d  SysCtlDelay                   
00002fd9  SysCtlPeripheralEnable        
00002dad  SysCtlPeripheralReset         
2000049c  Temp_Tiva                     
00002ca5  TimerConfigure                
00002d05  TimerControlTrigger           
00003203  TimerEnable                   
000031b5  TimerLoadSet                  
0000324b  UARTCharPut                   
00002ee1  UARTConfigSetExpClk           
00003099  UARTDisable                   
00003145  UARTEnable                    
000010b5  UARTsprintf                   
20000470  __STACK_END                   
00000200  __STACK_SIZE                  
20000470  __STACK_TOP                   
00003478  __TI_CINIT_Base               
00003490  __TI_CINIT_Limit              
0000345c  __TI_Handler_Table_Base       
00003468  __TI_Handler_Table_Limit      
00002f29  __TI_auto_init_nobinit_nopinit
00002c3d  __TI_decompress_lzss          
00003211  __TI_decompress_none          
ffffffff  __TI_pprof_out_hndl           
ffffffff  __TI_prof_data_size           
ffffffff  __TI_prof_data_start          
00000000  __TI_static_base__            
000030f7  __TI_zero_init_nomemset       
00002965  __aeabi_cdcmpeq               
00002965  __aeabi_cdcmple               
000029eb  __aeabi_cdrcmple              
00002b65  __aeabi_d2f                   
00001c8b  __aeabi_dadd                  
00002251  __aeabi_ddiv                  
000026d9  __aeabi_dmul                  
00001c81  __aeabi_dsub                  
00003265  __aeabi_errno_addr            
00002f6d  __aeabi_f2d                   
00003041  __aeabi_i2d                   
00002aeb  __aeabi_memclr                
00002aeb  __aeabi_memclr4               
00002aeb  __aeabi_memclr8               
000028c9  __aeabi_memcpy                
000028c9  __aeabi_memcpy4               
000028c9  __aeabi_memcpy8               
00002aed  __aeabi_memset                
00002aed  __aeabi_memset4               
00002aed  __aeabi_memset8               
000030b9  __aeabi_ui2d                  
ffffffff  __binit__                     
ffffffff  __c_args__                    
UNDEFED   __mpu_init                    
20000270  __stack                       
20000000  __start___llvm_prf_cnts       
20000000  __stop___llvm_prf_cnts        
0000300d  _c_int00_noargs               
UNDEFED   _system_post_cinit            
0000327f  _system_pre_init              
00003283  abort                         
200004a0  acrms_ir                      
200004a4  acrms_ir_1                    
200004a8  acrms_rojo                    
200004ac  acrms_rojo_1                  
000012ad  adc_int_handler               
200004f4  alpha                         
200004c8  aux_0                         
200004c9  aux_1                         
ffffffff  binit                         
000011dd  configADC                     
0000114d  configI2C0                    
00001199  configI2C2                    
00001269  configInt                     
0000107d  configUART                    
200004fc  contador_muestras             
00003113  copysign                      
00003113  copysignl                     
0000144d  delayMs                       
0000146b  delayUs                       
20000508  errno                         
00001ef3  ftoa                          
20000000  g_pfnRAMVectors               
00000000  g_pfnVectors                  
200004b0  i2c                           
00001e89  intToStr                      
200004b4  int_ir                        
200004b8  int_rojo                      
200004bc  intensidad_ir                 
200004c0  intensidad_rojo               
200004ca  lcd                           
200004cc  lcdXY                         
000015cd  lcd_conf                      
00001667  lcd_init                      
000025c9  ldexp                         
000025c9  ldexpl                        
000018bd  log                           
000018bd  logl                          
00000c6d  main                          
20000480  max30102                      
000028c9  memcpy                        
00002af3  memset                        
200004f8  muestras                      
0000026d  pow                           
0000026d  powl                          
200004f0  prev_w_ir                     
200004ec  prev_w_red                    
000010f9  printLCD                      
00001ff3  rdMAX32                       
200004cb  rd_cont                       
00000c2d  removedorDC                   
00001e39  reverse                       
20000488  s_spo2                        
20000490  s_temperatura                 
20000470  sample                        
000025c9  scalbn                        
000025c9  scalbnl                       
200004c4  spo2                          
000020f9  sqrt                          
000020f9  sqrtl                         
00003159  strlen                        
20000504  temp_final                    
20000500  temp_promedio                 
00001f9d  wrMAX32                       


GLOBAL SYMBOLS: SORTED BY Symbol Address 

address   name                          
-------   ----                          
00000000  __TI_static_base__            
00000000  g_pfnVectors                  
00000200  __STACK_SIZE                  
0000026d  pow                           
0000026d  powl                          
00000c2d  removedorDC                   
00000c6d  main                          
0000107d  configUART                    
000010b5  UARTsprintf                   
000010f9  printLCD                      
0000114d  configI2C0                    
00001199  configI2C2                    
000011dd  configADC                     
00001269  configInt                     
000012ad  adc_int_handler               
0000144d  delayMs                       
0000146b  delayUs                       
00001487  LCD_CMD_I2C                   
000015cd  lcd_conf                      
00001667  lcd_init                      
000016ed  LCD_PRINT_CHAR                
00001843  LCD_PRINT_STRING              
00001873  LCD_SET_CURSOR                
0000189d  LCD_SHIFT_RIGHT               
000018a7  LCD_SHIFT_LEFT                
000018bd  log                           
000018bd  logl                          
00001c81  __aeabi_dsub                  
00001c8b  __aeabi_dadd                  
00001e39  reverse                       
00001e89  intToStr                      
00001ef3  ftoa                          
00001f9d  wrMAX32                       
00001ff3  rdMAX32                       
000020f9  sqrt                          
000020f9  sqrtl                         
00002251  __aeabi_ddiv                  
00002387  GPIOPadConfigSet              
000024b9  SysCtlClockGet                
000025c9  ldexp                         
000025c9  ldexpl                        
000025c9  scalbn                        
000025c9  scalbnl                       
000026d9  __aeabi_dmul                  
000027d5  SysCtlClockSet                
000028c9  __aeabi_memcpy                
000028c9  __aeabi_memcpy4               
000028c9  __aeabi_memcpy8               
000028c9  memcpy                        
00002965  __aeabi_cdcmpeq               
00002965  __aeabi_cdcmple               
000029eb  __aeabi_cdrcmple              
00002a71  ADCSequenceStepConfigure      
00002aeb  __aeabi_memclr                
00002aeb  __aeabi_memclr4               
00002aeb  __aeabi_memclr8               
00002aed  __aeabi_memset                
00002aed  __aeabi_memset4               
00002aed  __aeabi_memset8               
00002af3  memset                        
00002b65  __aeabi_d2f                   
00002bd5  IntEnable                     
00002c3d  __TI_decompress_lzss          
00002ca5  TimerConfigure                
00002d05  TimerControlTrigger           
00002d5d  ADCSequenceConfigure          
00002dad  SysCtlPeripheralReset         
00002e4d  I2CMasterInitExpClk           
00002e99  GPIOPinConfigure              
00002ee1  UARTConfigSetExpClk           
00002f29  __TI_auto_init_nobinit_nopinit
00002f6d  __aeabi_f2d                   
00002fa5  IntRegister                   
00002fd9  SysCtlPeripheralEnable        
0000300d  _c_int00_noargs               
00003041  __aeabi_i2d                   
0000306f  GPIODirModeSet                
00003099  UARTDisable                   
000030b9  __aeabi_ui2d                  
000030d9  ADCSequenceDataGet            
000030f7  __TI_zero_init_nomemset       
00003113  copysign                      
00003113  copysignl                     
0000312d  ADCIntRegister                
00003145  UARTEnable                    
00003159  strlen                        
0000316d  GPIOPinTypeADC                
0000317f  GPIOPinTypeI2C                
00003191  GPIOPinTypeI2CSCL             
000031a3  GPIOPinTypeUART               
000031b5  TimerLoadSet                  
000031c7  ADCIntEnable                  
000031d7  IntMasterEnable               
000031e7  ADCSequenceDisable            
000031f5  ADCSequenceEnable             
00003203  TimerEnable                   
00003211  __TI_decompress_none          
0000321f  CPUcpsie                      
0000322b  ResetISR                      
00003237  ADCIntClear                   
00003241  I2CMasterEnable               
0000324b  UARTCharPut                   
00003255  I2CMasterBusy                 
0000325d  I2CMasterSlaveAddrSet         
00003265  __aeabi_errno_addr            
0000326d  SysCtlDelay                   
00003273  I2CMasterControl              
00003277  I2CMasterDataGet              
0000327b  I2CMasterDataPut              
0000327f  _system_pre_init              
00003283  C$$EXIT                       
00003283  abort                         
0000345c  __TI_Handler_Table_Base       
00003468  __TI_Handler_Table_Limit      
00003478  __TI_CINIT_Base               
00003490  __TI_CINIT_Limit              
20000000  __start___llvm_prf_cnts       
20000000  __stop___llvm_prf_cnts        
20000000  g_pfnRAMVectors               
20000270  __stack                       
20000470  __STACK_END                   
20000470  __STACK_TOP                   
20000470  sample                        
20000480  max30102                      
20000488  s_spo2                        
20000490  s_temperatura                 
20000498  R                             
2000049c  Temp_Tiva                     
200004a0  acrms_ir                      
200004a4  acrms_ir_1                    
200004a8  acrms_rojo                    
200004ac  acrms_rojo_1                  
200004b0  i2c                           
200004b4  int_ir                        
200004b8  int_rojo                      
200004bc  intensidad_ir                 
200004c0  intensidad_rojo               
200004c4  spo2                          
200004c8  aux_0                         
200004c9  aux_1                         
200004ca  lcd                           
200004cb  rd_cont                       
200004cc  lcdXY                         
200004ec  prev_w_red                    
200004f0  prev_w_ir                     
200004f4  alpha                         
200004f8  muestras                      
200004fc  contador_muestras             
20000500  temp_promedio                 
20000504  temp_final                    
20000508  errno                         
ffffffff  __TI_pprof_out_hndl           
ffffffff  __TI_prof_data_size           
ffffffff  __TI_prof_data_start          
ffffffff  __binit__                     
ffffffff  __c_args__                    
ffffffff  binit                         
UNDEFED   __mpu_init                    
UNDEFED   _system_post_cinit            

[159 symbols]
